// Jest Snapshot v1, https://goo.gl/fbAQLP

exports[`Artist matches a snapshot 1`] = `
<a
  href="url"
>
  dakota superstar
</a>
`;
