// Jest Snapshot v1, https://goo.gl/fbAQLP

exports[`App component renders App 1`] = `
<Fragment>
  <BrowserRouter>
    <Switch>
      <Route
        component={[Function]}
        exact={true}
        path="/"
      />
      <Route
        component={[Function]}
        exact={true}
        path="/Albums/:artistId"
      />
      <Route
        component={[Function]}
        exact={true}
        path="/Songs/:albumId"
      />
      <Route
        component={[Function]}
        exact={true}
        path="/Lyrics/:songId"
      />
    </Switch>
  </BrowserRouter>
</Fragment>
`;
