// Jest Snapshot v1, https://goo.gl/fbAQLP

exports[`Artist matches a snapshot 1`] = `
<h2>
  dakota superstar
</h2>
`;
